26-04-07 11:39:40.232 [background-preinit] INFO  o.h.validator.internal.util.Version  [ |  | ] - HV000001: Hibernate Validator 8.0.1.Final
26-04-07 11:39:40.290 [main] INFO  c.s.m.discodeit.DiscodeitApplication [ |  | ] - Starting DiscodeitApplication using Java 17.0.18 with PID 53548 (C:\codeit\10-sprint-mission\build\classes\java\main started by user in C:\codeit\10-sprint-mission)
26-04-07 11:39:40.290 [main] DEBUG c.s.m.discodeit.DiscodeitApplication [ |  | ] - Running with Spring Boot v3.5.10, Spring v6.2.15
26-04-07 11:39:40.290 [main] INFO  c.s.m.discodeit.DiscodeitApplication [ |  | ] - The following 1 profile is active: "dev"
26-04-07 11:39:41.236 [main] INFO  o.s.d.r.c.RepositoryConfigurationDelegate [ |  | ] - Bootstrapping Spring Data JPA repositories in DEFAULT mode.
26-04-07 11:39:41.308 [main] INFO  o.s.d.r.c.RepositoryConfigurationDelegate [ |  | ] - Finished Spring Data repository scanning in 64 ms. Found 6 JPA repository interfaces.
26-04-07 11:39:41.939 [main] INFO  o.s.b.w.e.tomcat.TomcatWebServer     [ |  | ] - Tomcat initialized with port 8080 (http)
26-04-07 11:39:41.949 [main] INFO  o.a.coyote.http11.Http11NioProtocol  [ |  | ] - Initializing ProtocolHandler ["http-nio-8080"]
26-04-07 11:39:41.951 [main] INFO  o.a.catalina.core.StandardService    [ |  | ] - Starting service [Tomcat]
26-04-07 11:39:41.951 [main] INFO  o.a.catalina.core.StandardEngine     [ |  | ] - Starting Servlet engine: [Apache Tomcat/10.1.50]
26-04-07 11:39:42.025 [main] INFO  o.a.c.c.C.[Tomcat].[localhost].[/]   [ |  | ] - Initializing Spring embedded WebApplicationContext
26-04-07 11:39:42.025 [main] INFO  o.s.b.w.s.c.ServletWebServerApplicationContext [ |  | ] - Root WebApplicationContext: initialization completed in 1698 ms
26-04-07 11:39:42.158 [main] INFO  com.zaxxer.hikari.HikariDataSource   [ |  | ] - HikariPool-1 - Starting...
26-04-07 11:39:42.343 [main] INFO  com.zaxxer.hikari.pool.HikariPool    [ |  | ] - HikariPool-1 - Added connection conn0: url=jdbc:h2:mem:test-practice user=SA
26-04-07 11:39:42.345 [main] INFO  com.zaxxer.hikari.HikariDataSource   [ |  | ] - HikariPool-1 - Start completed.
26-04-07 11:39:42.450 [main] INFO  o.h.jpa.internal.util.LogHelper      [ |  | ] - HHH000204: Processing PersistenceUnitInfo [name: default]
26-04-07 11:39:42.510 [main] INFO  org.hibernate.Version                [ |  | ] - HHH000412: Hibernate ORM core version 6.6.41.Final
26-04-07 11:39:42.546 [main] INFO  o.h.c.i.RegionFactoryInitiator       [ |  | ] - HHH000026: Second-level cache disabled
26-04-07 11:39:42.830 [main] INFO  o.s.o.j.p.SpringPersistenceUnitInfo  [ |  | ] - No LoadTimeWeaver setup: ignoring JPA class transformer
26-04-07 11:39:42.912 [main] INFO  o.hibernate.orm.connections.pooling  [ |  | ] - HHH10001005: Database info:
	Database JDBC URL [Connecting through datasource 'HikariDataSource (HikariPool-1)']
	Database driver: undefined/unknown
	Database version: 2.3.232
	Autocommit mode: undefined/unknown
	Isolation level: undefined/unknown
	Minimum pool size: undefined/unknown
	Maximum pool size: undefined/unknown
26-04-07 11:39:43.815 [main] INFO  o.h.e.t.j.p.i.JtaPlatformInitiator   [ |  | ] - HHH000489: No JTA platform available (set 'hibernate.transaction.jta.platform' to enable JTA platform integration)
26-04-07 11:39:43.856 [main] DEBUG org.hibernate.SQL                    [ |  | ] - 
    alter table if exists binary_contents 
       alter column content_type set data type varchar(255)
26-04-07 11:39:43.858 [main] DEBUG org.hibernate.SQL                    [ |  | ] - 
    alter table if exists channels 
       alter column description set data type varchar(255)
26-04-07 11:39:43.863 [main] DEBUG org.hibernate.SQL                    [ |  | ] - 
    alter table if exists channels 
       alter column name set data type varchar(255)
26-04-07 11:39:43.864 [main] DEBUG org.hibernate.SQL                    [ |  | ] - 
    alter table if exists channels 
       alter column type set data type channel_type
26-04-07 11:39:43.864 [main] DEBUG org.hibernate.SQL                    [ |  | ] - 
    alter table if exists messages 
       alter column content set data type varchar(255)
26-04-07 11:39:43.868 [main] DEBUG org.hibernate.SQL                    [ |  | ] - 
    alter table if exists users 
       alter column email set data type varchar(255)
26-04-07 11:39:43.869 [main] DEBUG org.hibernate.SQL                    [ |  | ] - 
    alter table if exists users 
       alter column password set data type varchar(255)
26-04-07 11:39:43.869 [main] DEBUG org.hibernate.SQL                    [ |  | ] - 
    alter table if exists users 
       alter column username set data type varchar(255)
26-04-07 11:39:43.872 [main] DEBUG org.hibernate.SQL                    [ |  | ] - 
    alter table if exists read_statuses 
       drop constraint if exists UKqttel343c4eq691kcxipoixr7
26-04-07 11:39:43.873 [main] DEBUG org.hibernate.SQL                    [ |  | ] - 
    alter table if exists read_statuses 
       add constraint UKqttel343c4eq691kcxipoixr7 unique (user_id, channel_id)
26-04-07 11:39:43.881 [main] INFO  o.s.o.j.LocalContainerEntityManagerFactoryBean [ |  | ] - Initialized JPA EntityManagerFactory for persistence unit 'default'
26-04-07 11:39:44.095 [main] INFO  o.s.d.j.r.query.QueryEnhancerFactory [ |  | ] - Hibernate is in classpath; If applicable, HQL parser will be used.
26-04-07 11:39:44.439 [main] INFO  c.s.m.d.s.LocalBinaryContentStorage  [ |  | ] - 로컬 파일 저장소 초기화 완료: path=C:\codeit\10-sprint-mission\.\storage
26-04-07 11:39:44.710 [main] INFO  o.s.b.a.w.s.WelcomePageHandlerMapping [ |  | ] - Adding welcome page: class path resource [static/index.html]
26-04-07 11:39:45.110 [main] INFO  o.s.b.a.e.web.EndpointLinksResolver  [ |  | ] - Exposing 4 endpoints beneath base path '/actuator'
26-04-07 11:39:45.161 [main] INFO  o.a.coyote.http11.Http11NioProtocol  [ |  | ] - Starting ProtocolHandler ["http-nio-8080"]
26-04-07 11:39:45.176 [main] INFO  o.s.b.w.e.tomcat.TomcatWebServer     [ |  | ] - Tomcat started on port 8080 (http) with context path '/'
26-04-07 11:39:45.187 [main] INFO  c.s.m.discodeit.DiscodeitApplication [ |  | ] - Started DiscodeitApplication in 5.468 seconds (process running for 5.835)
26-04-07 11:39:45.218 [main] WARN  o.s.c.events.SpringDocAppInitializer [ |  | ] - SpringDoc /v3/api-docs endpoint is enabled by default. To disable it in production, set the property 'springdoc.api-docs.enabled=false'
26-04-07 11:39:45.218 [main] WARN  o.s.c.events.SpringDocAppInitializer [ |  | ] - SpringDoc /swagger-ui.html endpoint is enabled by default. To disable it in production, set the property 'springdoc.swagger-ui.enabled=false'
26-04-07 11:40:09.655 [http-nio-8080-exec-1] INFO  o.a.c.c.C.[Tomcat].[localhost].[/]   [ |  | ] - Initializing Spring DispatcherServlet 'dispatcherServlet'
26-04-07 11:40:09.655 [http-nio-8080-exec-1] INFO  o.s.web.servlet.DispatcherServlet    [ |  | ] - Initializing Servlet 'dispatcherServlet'
26-04-07 11:40:09.657 [http-nio-8080-exec-1] INFO  o.s.web.servlet.DispatcherServlet    [ |  | ] - Completed initialization in 2 ms
26-04-07 11:40:24.326 [http-nio-8080-exec-4] INFO  c.s.m.d.controller.UserController    [a4def4e3-8a70-48ea-a7e6-7eb86693d252 | POST | /api/users] - 사용자 등록 요청: username=달선, email=dalsun@naver.com
26-04-07 11:40:24.332 [http-nio-8080-exec-4] INFO  c.s.m.d.s.basic.BasicUserService     [a4def4e3-8a70-48ea-a7e6-7eb86693d252 | POST | /api/users] - 사용자 생성 시작: username=달선, email=dalsun@naver.com
26-04-07 11:40:24.386 [http-nio-8080-exec-4] DEBUG org.hibernate.SQL                    [a4def4e3-8a70-48ea-a7e6-7eb86693d252 | POST | /api/users] - 
    select
        u1_0.id,
        u1_0.created_at,
        u1_0.email,
        u1_0.password,
        u1_0.profile_id,
        u1_0.updated_at,
        u1_0.username 
    from
        users u1_0 
    where
        u1_0.username=?
26-04-07 11:40:24.410 [http-nio-8080-exec-4] DEBUG org.hibernate.SQL                    [a4def4e3-8a70-48ea-a7e6-7eb86693d252 | POST | /api/users] - 
    select
        u1_0.id,
        u1_0.created_at,
        u1_0.email,
        u1_0.password,
        u1_0.profile_id,
        u1_0.updated_at,
        u1_0.username 
    from
        users u1_0 
    where
        u1_0.email=?
26-04-07 11:40:24.447 [http-nio-8080-exec-4] DEBUG c.s.m.d.s.LocalBinaryContentStorage  [a4def4e3-8a70-48ea-a7e6-7eb86693d252 | POST | /api/users] - 파일 저장 시작: id=96a71919-804b-4d98-a1fe-e40cbae5d0a2, size=2474701bytes
26-04-07 11:40:24.451 [http-nio-8080-exec-4] DEBUG c.s.m.d.s.LocalBinaryContentStorage  [a4def4e3-8a70-48ea-a7e6-7eb86693d252 | POST | /api/users] - 파일 저장 완료: id=96a71919-804b-4d98-a1fe-e40cbae5d0a2
26-04-07 11:40:24.452 [http-nio-8080-exec-4] DEBUG c.s.m.d.s.basic.BasicUserService     [a4def4e3-8a70-48ea-a7e6-7eb86693d252 | POST | /api/users] - 프로필 이미지 등록 완료: profileName=dalsun.jpg
26-04-07 11:40:24.457 [http-nio-8080-exec-4] INFO  c.s.m.d.s.basic.BasicUserService     [a4def4e3-8a70-48ea-a7e6-7eb86693d252 | POST | /api/users] - 사용자 생성 완료: username=달선, email=dalsun@naver.com
26-04-07 11:40:24.469 [http-nio-8080-exec-4] DEBUG org.hibernate.SQL                    [a4def4e3-8a70-48ea-a7e6-7eb86693d252 | POST | /api/users] - 
    insert 
    into
        binary_contents
        (content_type, created_at, file_name, size, id) 
    values
        (?, ?, ?, ?, ?)
26-04-07 11:40:24.476 [http-nio-8080-exec-4] DEBUG org.hibernate.SQL                    [a4def4e3-8a70-48ea-a7e6-7eb86693d252 | POST | /api/users] - 
    insert 
    into
        users
        (created_at, email, password, profile_id, updated_at, username, id) 
    values
        (?, ?, ?, ?, ?, ?, ?)
26-04-07 11:40:24.476 [http-nio-8080-exec-4] DEBUG org.hibernate.SQL                    [a4def4e3-8a70-48ea-a7e6-7eb86693d252 | POST | /api/users] - 
    insert 
    into
        user_statuses
        (created_at, last_active_at, updated_at, user_id, id) 
    values
        (?, ?, ?, ?, ?)
26-04-07 11:40:24.479 [http-nio-8080-exec-4] INFO  c.s.m.d.controller.UserController    [a4def4e3-8a70-48ea-a7e6-7eb86693d252 | POST | /api/users] - 사용자 등록 완료: username=달선, email=dalsun@naver.com
26-04-07 11:40:24.522 [http-nio-8080-exec-6] DEBUG org.hibernate.SQL                    [4a29622a-2e33-4510-ab03-c92ee2c29781 | PATCH | /api/users/5e1adc04-c6b7-439e-bec4-8a33ac82910d/userStatus] - 
    select
        us1_0.id,
        us1_0.created_at,
        us1_0.last_active_at,
        us1_0.updated_at,
        us1_0.user_id 
    from
        user_statuses us1_0 
    left join
        users u1_0 
            on u1_0.id=us1_0.user_id 
    where
        u1_0.id=?
26-04-07 11:40:24.522 [http-nio-8080-exec-5] DEBUG org.hibernate.SQL                    [9d7dcfa6-3f70-49f4-b08d-cbeffc2de419 | PATCH | /api/users/5e1adc04-c6b7-439e-bec4-8a33ac82910d/userStatus] - 
    select
        us1_0.id,
        us1_0.created_at,
        us1_0.last_active_at,
        us1_0.updated_at,
        us1_0.user_id 
    from
        user_statuses us1_0 
    left join
        users u1_0 
            on u1_0.id=us1_0.user_id 
    where
        u1_0.id=?
26-04-07 11:40:24.533 [http-nio-8080-exec-5] DEBUG org.hibernate.SQL                    [9d7dcfa6-3f70-49f4-b08d-cbeffc2de419 | PATCH | /api/users/5e1adc04-c6b7-439e-bec4-8a33ac82910d/userStatus] - 
    update
        user_statuses 
    set
        last_active_at=?,
        updated_at=?,
        user_id=? 
    where
        id=?
26-04-07 11:40:24.533 [http-nio-8080-exec-6] DEBUG org.hibernate.SQL                    [4a29622a-2e33-4510-ab03-c92ee2c29781 | PATCH | /api/users/5e1adc04-c6b7-439e-bec4-8a33ac82910d/userStatus] - 
    update
        user_statuses 
    set
        last_active_at=?,
        updated_at=?,
        user_id=? 
    where
        id=?
26-04-07 11:40:24.548 [http-nio-8080-exec-7] DEBUG org.hibernate.SQL                    [7e2b9ecf-8a99-48a3-91e2-11d8566057bf | GET | /api/users] - 
    select
        u1_0.id,
        u1_0.created_at,
        u1_0.email,
        u1_0.password,
        p1_0.id,
        p1_0.content_type,
        p1_0.created_at,
        p1_0.file_name,
        p1_0.size,
        s1_0.id,
        s1_0.created_at,
        s1_0.last_active_at,
        s1_0.updated_at,
        s1_0.user_id,
        u1_0.updated_at,
        u1_0.username 
    from
        users u1_0 
    join
        user_statuses s1_0 
            on u1_0.id=s1_0.user_id 
    left join
        binary_contents p1_0 
            on p1_0.id=u1_0.profile_id
26-04-07 11:40:24.566 [http-nio-8080-exec-1] DEBUG org.hibernate.SQL                    [5551c0f3-1b0e-4150-b5a5-580759e6f797 | GET | /api/users] - 
    select
        u1_0.id,
        u1_0.created_at,
        u1_0.email,
        u1_0.password,
        p1_0.id,
        p1_0.content_type,
        p1_0.created_at,
        p1_0.file_name,
        p1_0.size,
        s1_0.id,
        s1_0.created_at,
        s1_0.last_active_at,
        s1_0.updated_at,
        s1_0.user_id,
        u1_0.updated_at,
        u1_0.username 
    from
        users u1_0 
    join
        user_statuses s1_0 
            on u1_0.id=s1_0.user_id 
    left join
        binary_contents p1_0 
            on p1_0.id=u1_0.profile_id
26-04-07 11:40:24.573 [http-nio-8080-exec-10] DEBUG org.hibernate.SQL                    [5ef0a14e-b596-44b8-a365-e7e4f6ea5fd5 | GET | /api/readStatuses] - 
    select
        u1_0.id,
        u1_0.created_at,
        u1_0.email,
        u1_0.password,
        u1_0.profile_id,
        s1_0.id,
        s1_0.created_at,
        s1_0.last_active_at,
        s1_0.updated_at,
        s1_0.user_id,
        u1_0.updated_at,
        u1_0.username 
    from
        users u1_0 
    left join
        user_statuses s1_0 
            on u1_0.id=s1_0.user_id 
    where
        u1_0.id=?
26-04-07 11:40:24.573 [http-nio-8080-exec-8] DEBUG org.hibernate.SQL                    [aba65921-c8f1-49b7-ab8e-e93736b41a31 | GET | /api/binaryContents/96a71919-804b-4d98-a1fe-e40cbae5d0a2] - 
    select
        bc1_0.id,
        bc1_0.content_type,
        bc1_0.created_at,
        bc1_0.file_name,
        bc1_0.size 
    from
        binary_contents bc1_0 
    where
        bc1_0.id=?
26-04-07 11:40:24.574 [http-nio-8080-exec-9] DEBUG org.hibernate.SQL                    [03645e1b-a4eb-4101-9908-9d563ac4591d | GET | /api/channels] - 
    select
        c1_0.id,
        c1_0.created_at,
        c1_0.description,
        c1_0.name,
        c1_0.type,
        c1_0.updated_at 
    from
        channels c1_0 
    where
        c1_0.type='PUBLIC' 
        or exists(select
            rs1_0.id 
        from
            read_statuses rs1_0 
        where
            rs1_0.channel_id=c1_0.id 
            and rs1_0.user_id=?)
26-04-07 11:40:24.580 [http-nio-8080-exec-10] DEBUG org.hibernate.SQL                    [5ef0a14e-b596-44b8-a365-e7e4f6ea5fd5 | GET | /api/readStatuses] - 
    select
        rs1_0.id,
        rs1_0.channel_id,
        c1_0.id,
        c1_0.created_at,
        c1_0.description,
        c1_0.name,
        c1_0.type,
        c1_0.updated_at,
        rs1_0.created_at,
        rs1_0.last_read_at,
        rs1_0.updated_at,
        rs1_0.user_id,
        u1_0.id,
        u1_0.created_at,
        u1_0.email,
        u1_0.password,
        u1_0.profile_id,
        u1_0.updated_at,
        u1_0.username 
    from
        read_statuses rs1_0 
    join
        users u1_0 
            on u1_0.id=rs1_0.user_id 
    join
        channels c1_0 
            on c1_0.id=rs1_0.channel_id 
    where
        u1_0.id=?
26-04-07 11:40:24.585 [http-nio-8080-exec-3] DEBUG org.hibernate.SQL                    [920d4c8c-7e87-47f0-846b-d329c529537a | GET | /api/binaryContents/96a71919-804b-4d98-a1fe-e40cbae5d0a2] - 
    select
        bc1_0.id,
        bc1_0.content_type,
        bc1_0.created_at,
        bc1_0.file_name,
        bc1_0.size 
    from
        binary_contents bc1_0 
    where
        bc1_0.id=?
26-04-07 11:40:24.589 [http-nio-8080-exec-2] DEBUG org.hibernate.SQL                    [8f9a9343-cc76-4b38-b5d5-7054ad322472 | GET | /api/readStatuses] - 
    select
        u1_0.id,
        u1_0.created_at,
        u1_0.email,
        u1_0.password,
        u1_0.profile_id,
        s1_0.id,
        s1_0.created_at,
        s1_0.last_active_at,
        s1_0.updated_at,
        s1_0.user_id,
        u1_0.updated_at,
        u1_0.username 
    from
        users u1_0 
    left join
        user_statuses s1_0 
            on u1_0.id=s1_0.user_id 
    where
        u1_0.id=?
26-04-07 11:40:24.589 [http-nio-8080-exec-4] DEBUG org.hibernate.SQL                    [81ce7c27-5fd3-40ff-aad4-ae521fd686c3 | GET | /api/binaryContents/96a71919-804b-4d98-a1fe-e40cbae5d0a2] - 
    select
        bc1_0.id,
        bc1_0.content_type,
        bc1_0.created_at,
        bc1_0.file_name,
        bc1_0.size 
    from
        binary_contents bc1_0 
    where
        bc1_0.id=?
26-04-07 11:40:24.590 [http-nio-8080-exec-5] DEBUG org.hibernate.SQL                    [238e1e55-3599-4e1d-bbcf-4f6966c52805 | GET | /api/channels] - 
    select
        c1_0.id,
        c1_0.created_at,
        c1_0.description,
        c1_0.name,
        c1_0.type,
        c1_0.updated_at 
    from
        channels c1_0 
    where
        c1_0.type='PUBLIC' 
        or exists(select
            rs1_0.id 
        from
            read_statuses rs1_0 
        where
            rs1_0.channel_id=c1_0.id 
            and rs1_0.user_id=?)
26-04-07 11:40:24.590 [http-nio-8080-exec-6] DEBUG org.hibernate.SQL                    [9af0fa54-9d27-4cea-bfed-d4442f7470f9 | GET | /api/binaryContents/96a71919-804b-4d98-a1fe-e40cbae5d0a2/download] - 
    select
        bc1_0.id,
        bc1_0.content_type,
        bc1_0.created_at,
        bc1_0.file_name,
        bc1_0.size 
    from
        binary_contents bc1_0 
    where
        bc1_0.id=?
26-04-07 11:40:24.591 [http-nio-8080-exec-2] DEBUG org.hibernate.SQL                    [8f9a9343-cc76-4b38-b5d5-7054ad322472 | GET | /api/readStatuses] - 
    select
        rs1_0.id,
        rs1_0.channel_id,
        c1_0.id,
        c1_0.created_at,
        c1_0.description,
        c1_0.name,
        c1_0.type,
        c1_0.updated_at,
        rs1_0.created_at,
        rs1_0.last_read_at,
        rs1_0.updated_at,
        rs1_0.user_id,
        u1_0.id,
        u1_0.created_at,
        u1_0.email,
        u1_0.password,
        u1_0.profile_id,
        u1_0.updated_at,
        u1_0.username 
    from
        read_statuses rs1_0 
    join
        users u1_0 
            on u1_0.id=rs1_0.user_id 
    join
        channels c1_0 
            on c1_0.id=rs1_0.channel_id 
    where
        u1_0.id=?
26-04-07 11:40:24.591 [http-nio-8080-exec-6] INFO  c.s.m.d.s.LocalBinaryContentStorage  [9af0fa54-9d27-4cea-bfed-d4442f7470f9 | GET | /api/binaryContents/96a71919-804b-4d98-a1fe-e40cbae5d0a2/download] - 파일 다운로드 시작: id=96a71919-804b-4d98-a1fe-e40cbae5d0a2, fileName=dalsun.jpg
26-04-07 11:40:24.592 [http-nio-8080-exec-6] DEBUG c.s.m.d.s.LocalBinaryContentStorage  [9af0fa54-9d27-4cea-bfed-d4442f7470f9 | GET | /api/binaryContents/96a71919-804b-4d98-a1fe-e40cbae5d0a2/download] - 파일 읽기 시작: id=96a71919-804b-4d98-a1fe-e40cbae5d0a2
26-04-07 11:40:24.592 [http-nio-8080-exec-6] DEBUG c.s.m.d.s.LocalBinaryContentStorage  [9af0fa54-9d27-4cea-bfed-d4442f7470f9 | GET | /api/binaryContents/96a71919-804b-4d98-a1fe-e40cbae5d0a2/download] - 파일 읽기 완료: id=96a71919-804b-4d98-a1fe-e40cbae5d0a2
26-04-07 11:40:24.593 [http-nio-8080-exec-6] INFO  c.s.m.d.s.LocalBinaryContentStorage  [9af0fa54-9d27-4cea-bfed-d4442f7470f9 | GET | /api/binaryContents/96a71919-804b-4d98-a1fe-e40cbae5d0a2/download] - 파일 다운로드 완료: id=96a71919-804b-4d98-a1fe-e40cbae5d0a2, fileName=dalsun.jpg
26-04-07 11:40:24.595 [http-nio-8080-exec-7] DEBUG org.hibernate.SQL                    [8f58553e-589e-4fc1-810a-81986f01e3e3 | GET | /api/binaryContents/96a71919-804b-4d98-a1fe-e40cbae5d0a2] - 
    select
        bc1_0.id,
        bc1_0.content_type,
        bc1_0.created_at,
        bc1_0.file_name,
        bc1_0.size 
    from
        binary_contents bc1_0 
    where
        bc1_0.id=?
26-04-07 11:40:24.595 [http-nio-8080-exec-1] DEBUG org.hibernate.SQL                    [43362ee2-b4ee-4740-a656-693f59fee62e | GET | /api/readStatuses] - 
    select
        u1_0.id,
        u1_0.created_at,
        u1_0.email,
        u1_0.password,
        u1_0.profile_id,
        s1_0.id,
        s1_0.created_at,
        s1_0.last_active_at,
        s1_0.updated_at,
        s1_0.user_id,
        u1_0.updated_at,
        u1_0.username 
    from
        users u1_0 
    left join
        user_statuses s1_0 
            on u1_0.id=s1_0.user_id 
    where
        u1_0.id=?
26-04-07 11:40:24.597 [http-nio-8080-exec-1] DEBUG org.hibernate.SQL                    [43362ee2-b4ee-4740-a656-693f59fee62e | GET | /api/readStatuses] - 
    select
        rs1_0.id,
        rs1_0.channel_id,
        c1_0.id,
        c1_0.created_at,
        c1_0.description,
        c1_0.name,
        c1_0.type,
        c1_0.updated_at,
        rs1_0.created_at,
        rs1_0.last_read_at,
        rs1_0.updated_at,
        rs1_0.user_id,
        u1_0.id,
        u1_0.created_at,
        u1_0.email,
        u1_0.password,
        u1_0.profile_id,
        u1_0.updated_at,
        u1_0.username 
    from
        read_statuses rs1_0 
    join
        users u1_0 
            on u1_0.id=rs1_0.user_id 
    join
        channels c1_0 
            on c1_0.id=rs1_0.channel_id 
    where
        u1_0.id=?
26-04-07 11:40:24.602 [http-nio-8080-exec-9] DEBUG org.hibernate.SQL                    [2e7430de-c710-4e84-a1dc-32bb5b4d5743 | GET | /api/binaryContents/96a71919-804b-4d98-a1fe-e40cbae5d0a2] - 
    select
        bc1_0.id,
        bc1_0.content_type,
        bc1_0.created_at,
        bc1_0.file_name,
        bc1_0.size 
    from
        binary_contents bc1_0 
    where
        bc1_0.id=?
26-04-07 11:40:24.604 [http-nio-8080-exec-8] DEBUG org.hibernate.SQL                    [a96ad56b-0748-4774-b4d1-8e0e5b4ec442 | GET | /api/readStatuses] - 
    select
        u1_0.id,
        u1_0.created_at,
        u1_0.email,
        u1_0.password,
        u1_0.profile_id,
        s1_0.id,
        s1_0.created_at,
        s1_0.last_active_at,
        s1_0.updated_at,
        s1_0.user_id,
        u1_0.updated_at,
        u1_0.username 
    from
        users u1_0 
    left join
        user_statuses s1_0 
            on u1_0.id=s1_0.user_id 
    where
        u1_0.id=?
26-04-07 11:40:24.606 [http-nio-8080-exec-8] DEBUG org.hibernate.SQL                    [a96ad56b-0748-4774-b4d1-8e0e5b4ec442 | GET | /api/readStatuses] - 
    select
        rs1_0.id,
        rs1_0.channel_id,
        c1_0.id,
        c1_0.created_at,
        c1_0.description,
        c1_0.name,
        c1_0.type,
        c1_0.updated_at,
        rs1_0.created_at,
        rs1_0.last_read_at,
        rs1_0.updated_at,
        rs1_0.user_id,
        u1_0.id,
        u1_0.created_at,
        u1_0.email,
        u1_0.password,
        u1_0.profile_id,
        u1_0.updated_at,
        u1_0.username 
    from
        read_statuses rs1_0 
    join
        users u1_0 
            on u1_0.id=rs1_0.user_id 
    join
        channels c1_0 
            on c1_0.id=rs1_0.channel_id 
    where
        u1_0.id=?
26-04-07 11:40:27.592 [http-nio-8080-exec-3] DEBUG org.hibernate.SQL                    [f169cc65-0363-4cbc-92e5-04c0195a4fee | GET | /api/channels] - 
    select
        c1_0.id,
        c1_0.created_at,
        c1_0.description,
        c1_0.name,
        c1_0.type,
        c1_0.updated_at 
    from
        channels c1_0 
    where
        c1_0.type='PUBLIC' 
        or exists(select
            rs1_0.id 
        from
            read_statuses rs1_0 
        where
            rs1_0.channel_id=c1_0.id 
            and rs1_0.user_id=?)
26-04-07 11:40:27.598 [http-nio-8080-exec-10] DEBUG org.hibernate.SQL                    [fd13c8bf-fbcf-4264-9819-41070fb2b894 | GET | /api/readStatuses] - 
    select
        u1_0.id,
        u1_0.created_at,
        u1_0.email,
        u1_0.password,
        u1_0.profile_id,
        s1_0.id,
        s1_0.created_at,
        s1_0.last_active_at,
        s1_0.updated_at,
        s1_0.user_id,
        u1_0.updated_at,
        u1_0.username 
    from
        users u1_0 
    left join
        user_statuses s1_0 
            on u1_0.id=s1_0.user_id 
    where
        u1_0.id=?
26-04-07 11:40:27.600 [http-nio-8080-exec-10] DEBUG org.hibernate.SQL                    [fd13c8bf-fbcf-4264-9819-41070fb2b894 | GET | /api/readStatuses] - 
    select
        rs1_0.id,
        rs1_0.channel_id,
        c1_0.id,
        c1_0.created_at,
        c1_0.description,
        c1_0.name,
        c1_0.type,
        c1_0.updated_at,
        rs1_0.created_at,
        rs1_0.last_read_at,
        rs1_0.updated_at,
        rs1_0.user_id,
        u1_0.id,
        u1_0.created_at,
        u1_0.email,
        u1_0.password,
        u1_0.profile_id,
        u1_0.updated_at,
        u1_0.username 
    from
        read_statuses rs1_0 
    join
        users u1_0 
            on u1_0.id=rs1_0.user_id 
    join
        channels c1_0 
            on c1_0.id=rs1_0.channel_id 
    where
        u1_0.id=?
26-04-07 11:40:29.354 [http-nio-8080-exec-5] INFO  c.s.m.d.controller.ChannelController [6cd9ba73-07a7-4fc2-adf8-6f203a2d1e51 | POST | /api/channels/public] - PUBLIC 채널 생성 요청: name=공지방
26-04-07 11:40:29.354 [http-nio-8080-exec-5] INFO  c.s.m.d.s.basic.BasicChannelService  [6cd9ba73-07a7-4fc2-adf8-6f203a2d1e51 | POST | /api/channels/public] - PUBLIC 채널 생성 시작: name=공지방
26-04-07 11:40:29.356 [http-nio-8080-exec-5] INFO  c.s.m.d.s.basic.BasicChannelService  [6cd9ba73-07a7-4fc2-adf8-6f203a2d1e51 | POST | /api/channels/public] - PUBLIC 채널 생성 완료: id=9e1779ad-7ec7-4c49-9b70-1751bc942b84, name=공지방
26-04-07 11:40:29.356 [http-nio-8080-exec-5] DEBUG org.hibernate.SQL                    [6cd9ba73-07a7-4fc2-adf8-6f203a2d1e51 | POST | /api/channels/public] - 
    insert 
    into
        channels
        (created_at, description, name, type, updated_at, id) 
    values
        (?, ?, ?, ?, ?, ?)
26-04-07 11:40:29.364 [http-nio-8080-exec-4] DEBUG org.hibernate.SQL                    [53305d79-9e33-4576-b363-e3c8370a99f1 | GET | /api/channels] - 
    select
        c1_0.id,
        c1_0.created_at,
        c1_0.description,
        c1_0.name,
        c1_0.type,
        c1_0.updated_at 
    from
        channels c1_0 
    where
        c1_0.type='PUBLIC' 
        or exists(select
            rs1_0.id 
        from
            read_statuses rs1_0 
        where
            rs1_0.channel_id=c1_0.id 
            and rs1_0.user_id=?)
26-04-07 11:40:29.366 [http-nio-8080-exec-4] DEBUG org.hibernate.SQL                    [53305d79-9e33-4576-b363-e3c8370a99f1 | GET | /api/channels] - 
    select
        rs1_0.id,
        rs1_0.channel_id,
        rs1_0.created_at,
        rs1_0.last_read_at,
        rs1_0.updated_at,
        rs1_0.user_id,
        u1_0.id,
        u1_0.created_at,
        u1_0.email,
        u1_0.password,
        u1_0.profile_id,
        u1_0.updated_at,
        u1_0.username 
    from
        read_statuses rs1_0 
    join
        users u1_0 
            on u1_0.id=rs1_0.user_id 
    where
        rs1_0.channel_id in (?)
26-04-07 11:40:29.372 [http-nio-8080-exec-4] DEBUG org.hibernate.SQL                    [53305d79-9e33-4576-b363-e3c8370a99f1 | GET | /api/channels] - 
    select
        m1_0.id,
        m1_0.author_id,
        m1_0.channel_id,
        m1_0.content,
        m1_0.created_at,
        m1_0.updated_at 
    from
        messages m1_0 
    where
        m1_0.channel_id in (?) 
        and m1_0.created_at=(
            select
                max(m2_0.created_at) 
            from
                messages m2_0 
            where
                m2_0.channel_id=m1_0.channel_id
        )
26-04-07 11:40:29.379 [http-nio-8080-exec-2] DEBUG org.hibernate.SQL                    [88e9f70a-43f8-48e7-a6dc-810b7b94b8ea | GET | /api/readStatuses] - 
    select
        u1_0.id,
        u1_0.created_at,
        u1_0.email,
        u1_0.password,
        u1_0.profile_id,
        s1_0.id,
        s1_0.created_at,
        s1_0.last_active_at,
        s1_0.updated_at,
        s1_0.user_id,
        u1_0.updated_at,
        u1_0.username 
    from
        users u1_0 
    left join
        user_statuses s1_0 
            on u1_0.id=s1_0.user_id 
    where
        u1_0.id=?
26-04-07 11:40:29.381 [http-nio-8080-exec-2] DEBUG org.hibernate.SQL                    [88e9f70a-43f8-48e7-a6dc-810b7b94b8ea | GET | /api/readStatuses] - 
    select
        rs1_0.id,
        rs1_0.channel_id,
        c1_0.id,
        c1_0.created_at,
        c1_0.description,
        c1_0.name,
        c1_0.type,
        c1_0.updated_at,
        rs1_0.created_at,
        rs1_0.last_read_at,
        rs1_0.updated_at,
        rs1_0.user_id,
        u1_0.id,
        u1_0.created_at,
        u1_0.email,
        u1_0.password,
        u1_0.profile_id,
        u1_0.updated_at,
        u1_0.username 
    from
        read_statuses rs1_0 
    join
        users u1_0 
            on u1_0.id=rs1_0.user_id 
    join
        channels c1_0 
            on c1_0.id=rs1_0.channel_id 
    where
        u1_0.id=?
26-04-07 11:40:29.393 [http-nio-8080-exec-7] DEBUG org.hibernate.SQL                    [a00a5713-2497-4229-b31a-79d02fd7b90b | GET | /api/messages] - 
    select
        count(*) 
    from
        channels c1_0 
    where
        c1_0.id=?
26-04-07 11:40:29.400 [http-nio-8080-exec-7] DEBUG org.hibernate.SQL                    [a00a5713-2497-4229-b31a-79d02fd7b90b | GET | /api/messages] - 
    select
        m1_0.id,
        a1_0.id,
        a1_0.created_at,
        a1_0.email,
        a1_0.password,
        a1_0.profile_id,
        a1_0.updated_at,
        a1_0.username,
        m1_0.channel_id,
        c1_0.id,
        c1_0.created_at,
        c1_0.description,
        c1_0.name,
        c1_0.type,
        c1_0.updated_at,
        m1_0.content,
        m1_0.created_at,
        m1_0.updated_at 
    from
        messages m1_0 
    join
        users a1_0 
            on a1_0.id=m1_0.author_id 
    join
        channels c1_0 
            on c1_0.id=m1_0.channel_id 
    where
        c1_0.id=? 
    order by
        m1_0.created_at desc,
        m1_0.id desc,
        m1_0.created_at desc 
    fetch
        first ? rows only
26-04-07 11:40:29.407 [http-nio-8080-exec-1] DEBUG org.hibernate.SQL                    [1e30bf0f-5e5e-470c-b29a-61ad863b920f | GET | /api/messages] - 
    select
        count(*) 
    from
        channels c1_0 
    where
        c1_0.id=?
26-04-07 11:40:29.408 [http-nio-8080-exec-1] DEBUG org.hibernate.SQL                    [1e30bf0f-5e5e-470c-b29a-61ad863b920f | GET | /api/messages] - 
    select
        m1_0.id,
        a1_0.id,
        a1_0.created_at,
        a1_0.email,
        a1_0.password,
        a1_0.profile_id,
        a1_0.updated_at,
        a1_0.username,
        m1_0.channel_id,
        c1_0.id,
        c1_0.created_at,
        c1_0.description,
        c1_0.name,
        c1_0.type,
        c1_0.updated_at,
        m1_0.content,
        m1_0.created_at,
        m1_0.updated_at 
    from
        messages m1_0 
    join
        users a1_0 
            on a1_0.id=m1_0.author_id 
    join
        channels c1_0 
            on c1_0.id=m1_0.channel_id 
    where
        c1_0.id=? 
    order by
        m1_0.created_at desc,
        m1_0.id desc,
        m1_0.created_at desc 
    fetch
        first ? rows only
26-04-07 11:40:29.718 [http-nio-8080-exec-9] DEBUG org.hibernate.SQL                    [f8cfca45-8646-4943-bd67-1e62aa86a7f5 | GET | /api/messages] - 
    select
        count(*) 
    from
        channels c1_0 
    where
        c1_0.id=?
26-04-07 11:40:29.720 [http-nio-8080-exec-9] DEBUG org.hibernate.SQL                    [f8cfca45-8646-4943-bd67-1e62aa86a7f5 | GET | /api/messages] - 
    select
        m1_0.id,
        a1_0.id,
        a1_0.created_at,
        a1_0.email,
        a1_0.password,
        a1_0.profile_id,
        a1_0.updated_at,
        a1_0.username,
        m1_0.channel_id,
        c1_0.id,
        c1_0.created_at,
        c1_0.description,
        c1_0.name,
        c1_0.type,
        c1_0.updated_at,
        m1_0.content,
        m1_0.created_at,
        m1_0.updated_at 
    from
        messages m1_0 
    join
        users a1_0 
            on a1_0.id=m1_0.author_id 
    join
        channels c1_0 
            on c1_0.id=m1_0.channel_id 
    where
        c1_0.id=? 
    order by
        m1_0.created_at desc,
        m1_0.id desc,
        m1_0.created_at desc 
    fetch
        first ? rows only
26-04-07 11:40:30.030 [http-nio-8080-exec-8] DEBUG org.hibernate.SQL                    [50b20d9f-674d-4b5a-82e2-81ef696d3d0f | GET | /api/messages] - 
    select
        count(*) 
    from
        channels c1_0 
    where
        c1_0.id=?
26-04-07 11:40:30.031 [http-nio-8080-exec-8] DEBUG org.hibernate.SQL                    [50b20d9f-674d-4b5a-82e2-81ef696d3d0f | GET | /api/messages] - 
    select
        m1_0.id,
        a1_0.id,
        a1_0.created_at,
        a1_0.email,
        a1_0.password,
        a1_0.profile_id,
        a1_0.updated_at,
        a1_0.username,
        m1_0.channel_id,
        c1_0.id,
        c1_0.created_at,
        c1_0.description,
        c1_0.name,
        c1_0.type,
        c1_0.updated_at,
        m1_0.content,
        m1_0.created_at,
        m1_0.updated_at 
    from
        messages m1_0 
    join
        users a1_0 
            on a1_0.id=m1_0.author_id 
    join
        channels c1_0 
            on c1_0.id=m1_0.channel_id 
    where
        c1_0.id=? 
    order by
        m1_0.created_at desc,
        m1_0.id desc,
        m1_0.created_at desc 
    fetch
        first ? rows only
26-04-07 11:40:30.341 [http-nio-8080-exec-6] DEBUG org.hibernate.SQL                    [64c4ad4d-87c4-4de0-a959-435bb4f0b5a6 | GET | /api/messages] - 
    select
        count(*) 
    from
        channels c1_0 
    where
        c1_0.id=?
26-04-07 11:40:30.342 [http-nio-8080-exec-6] DEBUG org.hibernate.SQL                    [64c4ad4d-87c4-4de0-a959-435bb4f0b5a6 | GET | /api/messages] - 
    select
        m1_0.id,
        a1_0.id,
        a1_0.created_at,
        a1_0.email,
        a1_0.password,
        a1_0.profile_id,
        a1_0.updated_at,
        a1_0.username,
        m1_0.channel_id,
        c1_0.id,
        c1_0.created_at,
        c1_0.description,
        c1_0.name,
        c1_0.type,
        c1_0.updated_at,
        m1_0.content,
        m1_0.created_at,
        m1_0.updated_at 
    from
        messages m1_0 
    join
        users a1_0 
            on a1_0.id=m1_0.author_id 
    join
        channels c1_0 
            on c1_0.id=m1_0.channel_id 
    where
        c1_0.id=? 
    order by
        m1_0.created_at desc,
        m1_0.id desc,
        m1_0.created_at desc 
    fetch
        first ? rows only
26-04-07 11:40:30.599 [http-nio-8080-exec-3] DEBUG org.hibernate.SQL                    [916c61cf-4aef-4866-a8a3-363f4605e8f8 | GET | /api/channels] - 
    select
        c1_0.id,
        c1_0.created_at,
        c1_0.description,
        c1_0.name,
        c1_0.type,
        c1_0.updated_at 
    from
        channels c1_0 
    where
        c1_0.type='PUBLIC' 
        or exists(select
            rs1_0.id 
        from
            read_statuses rs1_0 
        where
            rs1_0.channel_id=c1_0.id 
            and rs1_0.user_id=?)
26-04-07 11:40:30.600 [http-nio-8080-exec-3] DEBUG org.hibernate.SQL                    [916c61cf-4aef-4866-a8a3-363f4605e8f8 | GET | /api/channels] - 
    select
        rs1_0.id,
        rs1_0.channel_id,
        rs1_0.created_at,
        rs1_0.last_read_at,
        rs1_0.updated_at,
        rs1_0.user_id,
        u1_0.id,
        u1_0.created_at,
        u1_0.email,
        u1_0.password,
        u1_0.profile_id,
        u1_0.updated_at,
        u1_0.username 
    from
        read_statuses rs1_0 
    join
        users u1_0 
            on u1_0.id=rs1_0.user_id 
    where
        rs1_0.channel_id in (?)
26-04-07 11:40:30.602 [http-nio-8080-exec-3] DEBUG org.hibernate.SQL                    [916c61cf-4aef-4866-a8a3-363f4605e8f8 | GET | /api/channels] - 
    select
        m1_0.id,
        m1_0.author_id,
        m1_0.channel_id,
        m1_0.content,
        m1_0.created_at,
        m1_0.updated_at 
    from
        messages m1_0 
    where
        m1_0.channel_id in (?) 
        and m1_0.created_at=(
            select
                max(m2_0.created_at) 
            from
                messages m2_0 
            where
                m2_0.channel_id=m1_0.channel_id
        )
26-04-07 11:40:30.606 [http-nio-8080-exec-10] DEBUG org.hibernate.SQL                    [03c28f52-d999-4592-9dab-59d8ae535d19 | GET | /api/readStatuses] - 
    select
        u1_0.id,
        u1_0.created_at,
        u1_0.email,
        u1_0.password,
        u1_0.profile_id,
        s1_0.id,
        s1_0.created_at,
        s1_0.last_active_at,
        s1_0.updated_at,
        s1_0.user_id,
        u1_0.updated_at,
        u1_0.username 
    from
        users u1_0 
    left join
        user_statuses s1_0 
            on u1_0.id=s1_0.user_id 
    where
        u1_0.id=?
26-04-07 11:40:30.607 [http-nio-8080-exec-10] DEBUG org.hibernate.SQL                    [03c28f52-d999-4592-9dab-59d8ae535d19 | GET | /api/readStatuses] - 
    select
        rs1_0.id,
        rs1_0.channel_id,
        c1_0.id,
        c1_0.created_at,
        c1_0.description,
        c1_0.name,
        c1_0.type,
        c1_0.updated_at,
        rs1_0.created_at,
        rs1_0.last_read_at,
        rs1_0.updated_at,
        rs1_0.user_id,
        u1_0.id,
        u1_0.created_at,
        u1_0.email,
        u1_0.password,
        u1_0.profile_id,
        u1_0.updated_at,
        u1_0.username 
    from
        read_statuses rs1_0 
    join
        users u1_0 
            on u1_0.id=rs1_0.user_id 
    join
        channels c1_0 
            on c1_0.id=rs1_0.channel_id 
    where
        u1_0.id=?
26-04-07 11:40:30.649 [http-nio-8080-exec-5] DEBUG org.hibernate.SQL                    [c9679c0c-0d99-46f0-af86-752cc80dbc9c | GET | /api/messages] - 
    select
        count(*) 
    from
        channels c1_0 
    where
        c1_0.id=?
26-04-07 11:40:30.650 [http-nio-8080-exec-5] DEBUG org.hibernate.SQL                    [c9679c0c-0d99-46f0-af86-752cc80dbc9c | GET | /api/messages] - 
    select
        m1_0.id,
        a1_0.id,
        a1_0.created_at,
        a1_0.email,
        a1_0.password,
        a1_0.profile_id,
        a1_0.updated_at,
        a1_0.username,
        m1_0.channel_id,
        c1_0.id,
        c1_0.created_at,
        c1_0.description,
        c1_0.name,
        c1_0.type,
        c1_0.updated_at,
        m1_0.content,
        m1_0.created_at,
        m1_0.updated_at 
    from
        messages m1_0 
    join
        users a1_0 
            on a1_0.id=m1_0.author_id 
    join
        channels c1_0 
            on c1_0.id=m1_0.channel_id 
    where
        c1_0.id=? 
    order by
        m1_0.created_at desc,
        m1_0.id desc,
        m1_0.created_at desc 
    fetch
        first ? rows only
26-04-07 11:40:30.957 [http-nio-8080-exec-4] DEBUG org.hibernate.SQL                    [30074138-fe2f-4389-bc07-65272070e163 | GET | /api/messages] - 
    select
        count(*) 
    from
        channels c1_0 
    where
        c1_0.id=?
26-04-07 11:40:30.957 [http-nio-8080-exec-4] DEBUG org.hibernate.SQL                    [30074138-fe2f-4389-bc07-65272070e163 | GET | /api/messages] - 
    select
        m1_0.id,
        a1_0.id,
        a1_0.created_at,
        a1_0.email,
        a1_0.password,
        a1_0.profile_id,
        a1_0.updated_at,
        a1_0.username,
        m1_0.channel_id,
        c1_0.id,
        c1_0.created_at,
        c1_0.description,
        c1_0.name,
        c1_0.type,
        c1_0.updated_at,
        m1_0.content,
        m1_0.created_at,
        m1_0.updated_at 
    from
        messages m1_0 
    join
        users a1_0 
            on a1_0.id=m1_0.author_id 
    join
        channels c1_0 
            on c1_0.id=m1_0.channel_id 
    where
        c1_0.id=? 
    order by
        m1_0.created_at desc,
        m1_0.id desc,
        m1_0.created_at desc 
    fetch
        first ? rows only
26-04-07 11:40:31.137 [http-nio-8080-exec-2] DEBUG org.hibernate.SQL                    [b2e977bf-412b-4a94-8f84-bac074108b44 | POST | /api/readStatuses] - 
    select
        u1_0.id,
        u1_0.created_at,
        u1_0.email,
        u1_0.password,
        u1_0.profile_id,
        s1_0.id,
        s1_0.created_at,
        s1_0.last_active_at,
        s1_0.updated_at,
        s1_0.user_id,
        u1_0.updated_at,
        u1_0.username 
    from
        users u1_0 
    left join
        user_statuses s1_0 
            on u1_0.id=s1_0.user_id 
    where
        u1_0.id=?
26-04-07 11:40:31.138 [http-nio-8080-exec-2] DEBUG org.hibernate.SQL                    [b2e977bf-412b-4a94-8f84-bac074108b44 | POST | /api/readStatuses] - 
    select
        c1_0.id,
        c1_0.created_at,
        c1_0.description,
        c1_0.name,
        c1_0.type,
        c1_0.updated_at 
    from
        channels c1_0 
    where
        c1_0.id=?
26-04-07 11:40:31.140 [http-nio-8080-exec-2] DEBUG org.hibernate.SQL                    [b2e977bf-412b-4a94-8f84-bac074108b44 | POST | /api/readStatuses] - 
    select
        rs1_0.id,
        rs1_0.channel_id,
        rs1_0.created_at,
        rs1_0.last_read_at,
        rs1_0.updated_at,
        rs1_0.user_id 
    from
        read_statuses rs1_0 
    left join
        users u1_0 
            on u1_0.id=rs1_0.user_id 
    left join
        channels c1_0 
            on c1_0.id=rs1_0.channel_id 
    where
        u1_0.id=? 
        and c1_0.id=?
26-04-07 11:40:31.143 [http-nio-8080-exec-2] DEBUG org.hibernate.SQL                    [b2e977bf-412b-4a94-8f84-bac074108b44 | POST | /api/readStatuses] - 
    insert 
    into
        read_statuses
        (channel_id, created_at, last_read_at, updated_at, user_id, id) 
    values
        (?, ?, ?, ?, ?, ?)
26-04-07 11:40:31.267 [http-nio-8080-exec-7] DEBUG org.hibernate.SQL                    [2708c724-fcee-4f80-a5b8-2f79f5edda13 | GET | /api/messages] - 
    select
        count(*) 
    from
        channels c1_0 
    where
        c1_0.id=?
26-04-07 11:40:31.268 [http-nio-8080-exec-7] DEBUG org.hibernate.SQL                    [2708c724-fcee-4f80-a5b8-2f79f5edda13 | GET | /api/messages] - 
    select
        m1_0.id,
        a1_0.id,
        a1_0.created_at,
        a1_0.email,
        a1_0.password,
        a1_0.profile_id,
        a1_0.updated_at,
        a1_0.username,
        m1_0.channel_id,
        c1_0.id,
        c1_0.created_at,
        c1_0.description,
        c1_0.name,
        c1_0.type,
        c1_0.updated_at,
        m1_0.content,
        m1_0.created_at,
        m1_0.updated_at 
    from
        messages m1_0 
    join
        users a1_0 
            on a1_0.id=m1_0.author_id 
    join
        channels c1_0 
            on c1_0.id=m1_0.channel_id 
    where
        c1_0.id=? 
    order by
        m1_0.created_at desc,
        m1_0.id desc,
        m1_0.created_at desc 
    fetch
        first ? rows only
26-04-07 11:40:31.575 [http-nio-8080-exec-1] DEBUG org.hibernate.SQL                    [2f7fa566-44d2-40e7-a847-bc7736b903fc | GET | /api/messages] - 
    select
        count(*) 
    from
        channels c1_0 
    where
        c1_0.id=?
26-04-07 11:40:31.575 [http-nio-8080-exec-1] DEBUG org.hibernate.SQL                    [2f7fa566-44d2-40e7-a847-bc7736b903fc | GET | /api/messages] - 
    select
        m1_0.id,
        a1_0.id,
        a1_0.created_at,
        a1_0.email,
        a1_0.password,
        a1_0.profile_id,
        a1_0.updated_at,
        a1_0.username,
        m1_0.channel_id,
        c1_0.id,
        c1_0.created_at,
        c1_0.description,
        c1_0.name,
        c1_0.type,
        c1_0.updated_at,
        m1_0.content,
        m1_0.created_at,
        m1_0.updated_at 
    from
        messages m1_0 
    join
        users a1_0 
            on a1_0.id=m1_0.author_id 
    join
        channels c1_0 
            on c1_0.id=m1_0.channel_id 
    where
        c1_0.id=? 
    order by
        m1_0.created_at desc,
        m1_0.id desc,
        m1_0.created_at desc 
    fetch
        first ? rows only
26-04-07 11:40:31.883 [http-nio-8080-exec-9] DEBUG org.hibernate.SQL                    [1c102e11-c1ad-47a7-9968-ff5909304a23 | GET | /api/messages] - 
    select
        count(*) 
    from
        channels c1_0 
    where
        c1_0.id=?
26-04-07 11:40:31.884 [http-nio-8080-exec-9] DEBUG org.hibernate.SQL                    [1c102e11-c1ad-47a7-9968-ff5909304a23 | GET | /api/messages] - 
    select
        m1_0.id,
        a1_0.id,
        a1_0.created_at,
        a1_0.email,
        a1_0.password,
        a1_0.profile_id,
        a1_0.updated_at,
        a1_0.username,
        m1_0.channel_id,
        c1_0.id,
        c1_0.created_at,
        c1_0.description,
        c1_0.name,
        c1_0.type,
        c1_0.updated_at,
        m1_0.content,
        m1_0.created_at,
        m1_0.updated_at 
    from
        messages m1_0 
    join
        users a1_0 
            on a1_0.id=m1_0.author_id 
    join
        channels c1_0 
            on c1_0.id=m1_0.channel_id 
    where
        c1_0.id=? 
    order by
        m1_0.created_at desc,
        m1_0.id desc,
        m1_0.created_at desc 
    fetch
        first ? rows only
26-04-07 11:40:32.194 [http-nio-8080-exec-8] DEBUG org.hibernate.SQL                    [7a6a84fc-a840-40b3-b15d-9c029019b42f | GET | /api/messages] - 
    select
        count(*) 
    from
        channels c1_0 
    where
        c1_0.id=?
26-04-07 11:40:32.194 [http-nio-8080-exec-8] DEBUG org.hibernate.SQL                    [7a6a84fc-a840-40b3-b15d-9c029019b42f | GET | /api/messages] - 
    select
        m1_0.id,
        a1_0.id,
        a1_0.created_at,
        a1_0.email,
        a1_0.password,
        a1_0.profile_id,
        a1_0.updated_at,
        a1_0.username,
        m1_0.channel_id,
        c1_0.id,
        c1_0.created_at,
        c1_0.description,
        c1_0.name,
        c1_0.type,
        c1_0.updated_at,
        m1_0.content,
        m1_0.created_at,
        m1_0.updated_at 
    from
        messages m1_0 
    join
        users a1_0 
            on a1_0.id=m1_0.author_id 
    join
        channels c1_0 
            on c1_0.id=m1_0.channel_id 
    where
        c1_0.id=? 
    order by
        m1_0.created_at desc,
        m1_0.id desc,
        m1_0.created_at desc 
    fetch
        first ? rows only
26-04-07 11:40:32.509 [http-nio-8080-exec-6] DEBUG org.hibernate.SQL                    [d7b105ea-95f9-4c70-a9b2-0a88df667c08 | GET | /api/messages] - 
    select
        count(*) 
    from
        channels c1_0 
    where
        c1_0.id=?
26-04-07 11:40:32.509 [http-nio-8080-exec-6] DEBUG org.hibernate.SQL                    [d7b105ea-95f9-4c70-a9b2-0a88df667c08 | GET | /api/messages] - 
    select
        m1_0.id,
        a1_0.id,
        a1_0.created_at,
        a1_0.email,
        a1_0.password,
        a1_0.profile_id,
        a1_0.updated_at,
        a1_0.username,
        m1_0.channel_id,
        c1_0.id,
        c1_0.created_at,
        c1_0.description,
        c1_0.name,
        c1_0.type,
        c1_0.updated_at,
        m1_0.content,
        m1_0.created_at,
        m1_0.updated_at 
    from
        messages m1_0 
    join
        users a1_0 
            on a1_0.id=m1_0.author_id 
    join
        channels c1_0 
            on c1_0.id=m1_0.channel_id 
    where
        c1_0.id=? 
    order by
        m1_0.created_at desc,
        m1_0.id desc,
        m1_0.created_at desc 
    fetch
        first ? rows only
26-04-07 11:40:32.822 [http-nio-8080-exec-3] DEBUG org.hibernate.SQL                    [8119a1d2-2a0e-403c-986c-e32c98977727 | GET | /api/messages] - 
    select
        count(*) 
    from
        channels c1_0 
    where
        c1_0.id=?
26-04-07 11:40:32.823 [http-nio-8080-exec-3] DEBUG org.hibernate.SQL                    [8119a1d2-2a0e-403c-986c-e32c98977727 | GET | /api/messages] - 
    select
        m1_0.id,
        a1_0.id,
        a1_0.created_at,
        a1_0.email,
        a1_0.password,
        a1_0.profile_id,
        a1_0.updated_at,
        a1_0.username,
        m1_0.channel_id,
        c1_0.id,
        c1_0.created_at,
        c1_0.description,
        c1_0.name,
        c1_0.type,
        c1_0.updated_at,
        m1_0.content,
        m1_0.created_at,
        m1_0.updated_at 
    from
        messages m1_0 
    join
        users a1_0 
            on a1_0.id=m1_0.author_id 
    join
        channels c1_0 
            on c1_0.id=m1_0.channel_id 
    where
        c1_0.id=? 
    order by
        m1_0.created_at desc,
        m1_0.id desc,
        m1_0.created_at desc 
    fetch
        first ? rows only
26-04-07 11:40:32.996 [http-nio-8080-exec-10] INFO  c.s.m.d.controller.MessageController [b2856324-0d16-4a7c-b373-95cfff3e8536 | POST | /api/messages] - 메시지 전송 요청: authorId=5e1adc04-c6b7-439e-bec4-8a33ac82910d, channelId=9e1779ad-7ec7-4c49-9b70-1751bc942b84
26-04-07 11:40:32.996 [http-nio-8080-exec-10] INFO  c.s.m.d.s.basic.BasicMessageService  [b2856324-0d16-4a7c-b373-95cfff3e8536 | POST | /api/messages] - 메시지 생성 시작: authorId=5e1adc04-c6b7-439e-bec4-8a33ac82910d, channelId=9e1779ad-7ec7-4c49-9b70-1751bc942b84
26-04-07 11:40:32.998 [http-nio-8080-exec-10] DEBUG org.hibernate.SQL                    [b2856324-0d16-4a7c-b373-95cfff3e8536 | POST | /api/messages] - 
    select
        u1_0.id,
        u1_0.created_at,
        u1_0.email,
        u1_0.password,
        u1_0.profile_id,
        s1_0.id,
        s1_0.created_at,
        s1_0.last_active_at,
        s1_0.updated_at,
        s1_0.user_id,
        u1_0.updated_at,
        u1_0.username 
    from
        users u1_0 
    left join
        user_statuses s1_0 
            on u1_0.id=s1_0.user_id 
    where
        u1_0.id=?
26-04-07 11:40:32.999 [http-nio-8080-exec-10] DEBUG org.hibernate.SQL                    [b2856324-0d16-4a7c-b373-95cfff3e8536 | POST | /api/messages] - 
    select
        c1_0.id,
        c1_0.created_at,
        c1_0.description,
        c1_0.name,
        c1_0.type,
        c1_0.updated_at 
    from
        channels c1_0 
    where
        c1_0.id=?
26-04-07 11:40:33.010 [http-nio-8080-exec-10] DEBUG org.hibernate.SQL                    [b2856324-0d16-4a7c-b373-95cfff3e8536 | POST | /api/messages] - 
    select
        us1_0.id,
        us1_0.created_at,
        us1_0.last_active_at,
        us1_0.updated_at,
        us1_0.user_id 
    from
        user_statuses us1_0 
    left join
        users u1_0 
            on u1_0.id=us1_0.user_id 
    where
        u1_0.id=?
26-04-07 11:40:33.012 [http-nio-8080-exec-10] DEBUG org.hibernate.SQL                    [b2856324-0d16-4a7c-b373-95cfff3e8536 | POST | /api/messages] - 
    select
        rs1_0.id,
        rs1_0.channel_id,
        rs1_0.created_at,
        rs1_0.last_read_at,
        rs1_0.updated_at,
        rs1_0.user_id 
    from
        read_statuses rs1_0 
    left join
        users u1_0 
            on u1_0.id=rs1_0.user_id 
    left join
        channels c1_0 
            on c1_0.id=rs1_0.channel_id 
    where
        u1_0.id=? 
        and c1_0.id=?
26-04-07 11:40:33.014 [http-nio-8080-exec-10] INFO  c.s.m.d.s.basic.BasicMessageService  [b2856324-0d16-4a7c-b373-95cfff3e8536 | POST | /api/messages] - 메시지 생성 완료: id=2e496aad-3e81-407b-aad8-fbe71537dd81, authorId=5e1adc04-c6b7-439e-bec4-8a33ac82910d, channelId=9e1779ad-7ec7-4c49-9b70-1751bc942b84
26-04-07 11:40:33.014 [http-nio-8080-exec-10] DEBUG org.hibernate.SQL                    [b2856324-0d16-4a7c-b373-95cfff3e8536 | POST | /api/messages] - 
    select
        bc1_0.id,
        bc1_0.content_type,
        bc1_0.created_at,
        bc1_0.file_name,
        bc1_0.size 
    from
        binary_contents bc1_0 
    where
        bc1_0.id=?
26-04-07 11:40:33.017 [http-nio-8080-exec-10] DEBUG org.hibernate.SQL                    [b2856324-0d16-4a7c-b373-95cfff3e8536 | POST | /api/messages] - 
    insert 
    into
        messages
        (author_id, channel_id, content, created_at, updated_at, id) 
    values
        (?, ?, ?, ?, ?, ?)
26-04-07 11:40:33.018 [http-nio-8080-exec-10] DEBUG org.hibernate.SQL                    [b2856324-0d16-4a7c-b373-95cfff3e8536 | POST | /api/messages] - 
    update
        user_statuses 
    set
        last_active_at=?,
        updated_at=?,
        user_id=? 
    where
        id=?
26-04-07 11:40:33.018 [http-nio-8080-exec-10] DEBUG org.hibernate.SQL                    [b2856324-0d16-4a7c-b373-95cfff3e8536 | POST | /api/messages] - 
    update
        read_statuses 
    set
        channel_id=?,
        last_read_at=?,
        updated_at=?,
        user_id=? 
    where
        id=?
26-04-07 11:40:33.033 [http-nio-8080-exec-5] DEBUG org.hibernate.SQL                    [6c985fed-37a9-49c9-b972-cc3ef77755a5 | PATCH | /api/readStatuses/e28fdf35-808c-43e2-9f9e-22cd388e7c31] - 
    select
        rs1_0.id,
        rs1_0.channel_id,
        rs1_0.created_at,
        rs1_0.last_read_at,
        rs1_0.updated_at,
        rs1_0.user_id 
    from
        read_statuses rs1_0 
    where
        rs1_0.id=?
26-04-07 11:40:33.034 [http-nio-8080-exec-5] DEBUG org.hibernate.SQL                    [6c985fed-37a9-49c9-b972-cc3ef77755a5 | PATCH | /api/readStatuses/e28fdf35-808c-43e2-9f9e-22cd388e7c31] - 
    update
        read_statuses 
    set
        channel_id=?,
        last_read_at=?,
        updated_at=?,
        user_id=? 
    where
        id=?
26-04-07 11:40:33.132 [http-nio-8080-exec-4] DEBUG org.hibernate.SQL                    [c5ee2957-2251-42de-b5c1-fbb69a762829 | GET | /api/messages] - 
    select
        count(*) 
    from
        channels c1_0 
    where
        c1_0.id=?
26-04-07 11:40:33.132 [http-nio-8080-exec-4] DEBUG org.hibernate.SQL                    [c5ee2957-2251-42de-b5c1-fbb69a762829 | GET | /api/messages] - 
    select
        m1_0.id,
        a1_0.id,
        a1_0.created_at,
        a1_0.email,
        a1_0.password,
        a1_0.profile_id,
        a1_0.updated_at,
        a1_0.username,
        m1_0.channel_id,
        c1_0.id,
        c1_0.created_at,
        c1_0.description,
        c1_0.name,
        c1_0.type,
        c1_0.updated_at,
        m1_0.content,
        m1_0.created_at,
        m1_0.updated_at 
    from
        messages m1_0 
    join
        users a1_0 
            on a1_0.id=m1_0.author_id 
    join
        channels c1_0 
            on c1_0.id=m1_0.channel_id 
    where
        c1_0.id=? 
    order by
        m1_0.created_at desc,
        m1_0.id desc,
        m1_0.created_at desc 
    fetch
        first ? rows only
26-04-07 11:40:33.135 [http-nio-8080-exec-4] DEBUG org.hibernate.SQL                    [c5ee2957-2251-42de-b5c1-fbb69a762829 | GET | /api/messages] - 
    select
        us1_0.id,
        us1_0.created_at,
        us1_0.last_active_at,
        us1_0.updated_at,
        us1_0.user_id 
    from
        user_statuses us1_0 
    where
        us1_0.user_id=?
26-04-07 11:40:33.136 [http-nio-8080-exec-4] DEBUG org.hibernate.SQL                    [c5ee2957-2251-42de-b5c1-fbb69a762829 | GET | /api/messages] - 
    select
        bc1_0.id,
        bc1_0.content_type,
        bc1_0.created_at,
        bc1_0.file_name,
        bc1_0.size 
    from
        binary_contents bc1_0 
    where
        bc1_0.id=?
26-04-07 11:40:33.138 [http-nio-8080-exec-4] DEBUG org.hibernate.SQL                    [c5ee2957-2251-42de-b5c1-fbb69a762829 | GET | /api/messages] - 
    select
        a1_0.message_id,
        a1_1.id,
        a1_1.content_type,
        a1_1.created_at,
        a1_1.file_name,
        a1_1.size 
    from
        message_attachments a1_0 
    join
        binary_contents a1_1 
            on a1_1.id=a1_0.attachment_id 
    where
        a1_0.message_id=?
26-04-07 11:40:33.598 [http-nio-8080-exec-2] DEBUG org.hibernate.SQL                    [4d41bafa-d936-4a6d-8f88-2ad84549ff6d | GET | /api/channels] - 
    select
        c1_0.id,
        c1_0.created_at,
        c1_0.description,
        c1_0.name,
        c1_0.type,
        c1_0.updated_at 
    from
        channels c1_0 
    where
        c1_0.type='PUBLIC' 
        or exists(select
            rs1_0.id 
        from
            read_statuses rs1_0 
        where
            rs1_0.channel_id=c1_0.id 
            and rs1_0.user_id=?)
26-04-07 11:40:33.598 [http-nio-8080-exec-7] DEBUG org.hibernate.SQL                    [658addff-5f52-453e-9155-3bc07bd66f9d | GET | /api/messages] - 
    select
        count(*) 
    from
        channels c1_0 
    where
        c1_0.id=?
26-04-07 11:40:33.599 [http-nio-8080-exec-7] DEBUG org.hibernate.SQL                    [658addff-5f52-453e-9155-3bc07bd66f9d | GET | /api/messages] - 
    select
        m1_0.id,
        a1_0.id,
        a1_0.created_at,
        a1_0.email,
        a1_0.password,
        a1_0.profile_id,
        a1_0.updated_at,
        a1_0.username,
        m1_0.channel_id,
        c1_0.id,
        c1_0.created_at,
        c1_0.description,
        c1_0.name,
        c1_0.type,
        c1_0.updated_at,
        m1_0.content,
        m1_0.created_at,
        m1_0.updated_at 
    from
        messages m1_0 
    join
        users a1_0 
            on a1_0.id=m1_0.author_id 
    join
        channels c1_0 
            on c1_0.id=m1_0.channel_id 
    where
        c1_0.id=? 
    order by
        m1_0.created_at desc,
        m1_0.id desc,
        m1_0.created_at desc 
    fetch
        first ? rows only
26-04-07 11:40:33.599 [http-nio-8080-exec-7] DEBUG org.hibernate.SQL                    [658addff-5f52-453e-9155-3bc07bd66f9d | GET | /api/messages] - 
    select
        us1_0.id,
        us1_0.created_at,
        us1_0.last_active_at,
        us1_0.updated_at,
        us1_0.user_id 
    from
        user_statuses us1_0 
    where
        us1_0.user_id=?
26-04-07 11:40:33.600 [http-nio-8080-exec-2] DEBUG org.hibernate.SQL                    [4d41bafa-d936-4a6d-8f88-2ad84549ff6d | GET | /api/channels] - 
    select
        rs1_0.id,
        rs1_0.channel_id,
        rs1_0.created_at,
        rs1_0.last_read_at,
        rs1_0.updated_at,
        rs1_0.user_id,
        u1_0.id,
        u1_0.created_at,
        u1_0.email,
        u1_0.password,
        u1_0.profile_id,
        u1_0.updated_at,
        u1_0.username 
    from
        read_statuses rs1_0 
    join
        users u1_0 
            on u1_0.id=rs1_0.user_id 
    where
        rs1_0.channel_id in (?)
26-04-07 11:40:33.600 [http-nio-8080-exec-7] DEBUG org.hibernate.SQL                    [658addff-5f52-453e-9155-3bc07bd66f9d | GET | /api/messages] - 
    select
        bc1_0.id,
        bc1_0.content_type,
        bc1_0.created_at,
        bc1_0.file_name,
        bc1_0.size 
    from
        binary_contents bc1_0 
    where
        bc1_0.id=?
26-04-07 11:40:33.600 [http-nio-8080-exec-2] DEBUG org.hibernate.SQL                    [4d41bafa-d936-4a6d-8f88-2ad84549ff6d | GET | /api/channels] - 
    select
        us1_0.id,
        us1_0.created_at,
        us1_0.last_active_at,
        us1_0.updated_at,
        us1_0.user_id 
    from
        user_statuses us1_0 
    where
        us1_0.user_id=?
26-04-07 11:40:33.601 [http-nio-8080-exec-7] DEBUG org.hibernate.SQL                    [658addff-5f52-453e-9155-3bc07bd66f9d | GET | /api/messages] - 
    select
        a1_0.message_id,
        a1_1.id,
        a1_1.content_type,
        a1_1.created_at,
        a1_1.file_name,
        a1_1.size 
    from
        message_attachments a1_0 
    join
        binary_contents a1_1 
            on a1_1.id=a1_0.attachment_id 
    where
        a1_0.message_id=?
26-04-07 11:40:33.601 [http-nio-8080-exec-2] DEBUG org.hibernate.SQL                    [4d41bafa-d936-4a6d-8f88-2ad84549ff6d | GET | /api/channels] - 
    select
        bc1_0.id,
        bc1_0.content_type,
        bc1_0.created_at,
        bc1_0.file_name,
        bc1_0.size 
    from
        binary_contents bc1_0 
    where
        bc1_0.id=?
26-04-07 11:40:33.602 [http-nio-8080-exec-2] DEBUG org.hibernate.SQL                    [4d41bafa-d936-4a6d-8f88-2ad84549ff6d | GET | /api/channels] - 
    select
        m1_0.id,
        m1_0.author_id,
        m1_0.channel_id,
        m1_0.content,
        m1_0.created_at,
        m1_0.updated_at 
    from
        messages m1_0 
    where
        m1_0.channel_id in (?) 
        and m1_0.created_at=(
            select
                max(m2_0.created_at) 
            from
                messages m2_0 
            where
                m2_0.channel_id=m1_0.channel_id
        )
26-04-07 11:40:33.609 [http-nio-8080-exec-1] DEBUG org.hibernate.SQL                    [0576aea5-cefa-4e60-8708-b055699351d1 | GET | /api/readStatuses] - 
    select
        u1_0.id,
        u1_0.created_at,
        u1_0.email,
        u1_0.password,
        u1_0.profile_id,
        s1_0.id,
        s1_0.created_at,
        s1_0.last_active_at,
        s1_0.updated_at,
        s1_0.user_id,
        u1_0.updated_at,
        u1_0.username 
    from
        users u1_0 
    left join
        user_statuses s1_0 
            on u1_0.id=s1_0.user_id 
    where
        u1_0.id=?
26-04-07 11:40:33.610 [http-nio-8080-exec-1] DEBUG org.hibernate.SQL                    [0576aea5-cefa-4e60-8708-b055699351d1 | GET | /api/readStatuses] - 
    select
        rs1_0.id,
        rs1_0.channel_id,
        c1_0.id,
        c1_0.created_at,
        c1_0.description,
        c1_0.name,
        c1_0.type,
        c1_0.updated_at,
        rs1_0.created_at,
        rs1_0.last_read_at,
        rs1_0.updated_at,
        rs1_0.user_id,
        u1_0.id,
        u1_0.created_at,
        u1_0.email,
        u1_0.password,
        u1_0.profile_id,
        u1_0.updated_at,
        u1_0.username 
    from
        read_statuses rs1_0 
    join
        users u1_0 
            on u1_0.id=rs1_0.user_id 
    join
        channels c1_0 
            on c1_0.id=rs1_0.channel_id 
    where
        u1_0.id=?
26-04-07 11:40:34.285 [http-nio-8080-exec-9] DEBUG org.hibernate.SQL                    [cf09f8cf-bbdb-4b42-8740-f7eb5639c11a | GET | /api/messages] - 
    select
        count(*) 
    from
        channels c1_0 
    where
        c1_0.id=?
26-04-07 11:40:34.285 [http-nio-8080-exec-9] DEBUG org.hibernate.SQL                    [cf09f8cf-bbdb-4b42-8740-f7eb5639c11a | GET | /api/messages] - 
    select
        m1_0.id,
        a1_0.id,
        a1_0.created_at,
        a1_0.email,
        a1_0.password,
        a1_0.profile_id,
        a1_0.updated_at,
        a1_0.username,
        m1_0.channel_id,
        c1_0.id,
        c1_0.created_at,
        c1_0.description,
        c1_0.name,
        c1_0.type,
        c1_0.updated_at,
        m1_0.content,
        m1_0.created_at,
        m1_0.updated_at 
    from
        messages m1_0 
    join
        users a1_0 
            on a1_0.id=m1_0.author_id 
    join
        channels c1_0 
            on c1_0.id=m1_0.channel_id 
    where
        c1_0.id=? 
    order by
        m1_0.created_at desc,
        m1_0.id desc,
        m1_0.created_at desc 
    fetch
        first ? rows only
26-04-07 11:40:34.286 [http-nio-8080-exec-9] DEBUG org.hibernate.SQL                    [cf09f8cf-bbdb-4b42-8740-f7eb5639c11a | GET | /api/messages] - 
    select
        us1_0.id,
        us1_0.created_at,
        us1_0.last_active_at,
        us1_0.updated_at,
        us1_0.user_id 
    from
        user_statuses us1_0 
    where
        us1_0.user_id=?
26-04-07 11:40:34.286 [http-nio-8080-exec-9] DEBUG org.hibernate.SQL                    [cf09f8cf-bbdb-4b42-8740-f7eb5639c11a | GET | /api/messages] - 
    select
        bc1_0.id,
        bc1_0.content_type,
        bc1_0.created_at,
        bc1_0.file_name,
        bc1_0.size 
    from
        binary_contents bc1_0 
    where
        bc1_0.id=?
26-04-07 11:40:34.287 [http-nio-8080-exec-9] DEBUG org.hibernate.SQL                    [cf09f8cf-bbdb-4b42-8740-f7eb5639c11a | GET | /api/messages] - 
    select
        a1_0.message_id,
        a1_1.id,
        a1_1.content_type,
        a1_1.created_at,
        a1_1.file_name,
        a1_1.size 
    from
        message_attachments a1_0 
    join
        binary_contents a1_1 
            on a1_1.id=a1_0.attachment_id 
    where
        a1_0.message_id=?
26-04-07 11:40:35.313 [http-nio-8080-exec-8] DEBUG org.hibernate.SQL                    [90021740-88cd-44d2-8022-4e470b788bee | GET | /api/messages] - 
    select
        count(*) 
    from
        channels c1_0 
    where
        c1_0.id=?
26-04-07 11:40:35.314 [http-nio-8080-exec-8] DEBUG org.hibernate.SQL                    [90021740-88cd-44d2-8022-4e470b788bee | GET | /api/messages] - 
    select
        m1_0.id,
        a1_0.id,
        a1_0.created_at,
        a1_0.email,
        a1_0.password,
        a1_0.profile_id,
        a1_0.updated_at,
        a1_0.username,
        m1_0.channel_id,
        c1_0.id,
        c1_0.created_at,
        c1_0.description,
        c1_0.name,
        c1_0.type,
        c1_0.updated_at,
        m1_0.content,
        m1_0.created_at,
        m1_0.updated_at 
    from
        messages m1_0 
    join
        users a1_0 
            on a1_0.id=m1_0.author_id 
    join
        channels c1_0 
            on c1_0.id=m1_0.channel_id 
    where
        c1_0.id=? 
    order by
        m1_0.created_at desc,
        m1_0.id desc,
        m1_0.created_at desc 
    fetch
        first ? rows only
26-04-07 11:40:35.315 [http-nio-8080-exec-8] DEBUG org.hibernate.SQL                    [90021740-88cd-44d2-8022-4e470b788bee | GET | /api/messages] - 
    select
        us1_0.id,
        us1_0.created_at,
        us1_0.last_active_at,
        us1_0.updated_at,
        us1_0.user_id 
    from
        user_statuses us1_0 
    where
        us1_0.user_id=?
26-04-07 11:40:35.315 [http-nio-8080-exec-8] DEBUG org.hibernate.SQL                    [90021740-88cd-44d2-8022-4e470b788bee | GET | /api/messages] - 
    select
        bc1_0.id,
        bc1_0.content_type,
        bc1_0.created_at,
        bc1_0.file_name,
        bc1_0.size 
    from
        binary_contents bc1_0 
    where
        bc1_0.id=?
26-04-07 11:40:35.315 [http-nio-8080-exec-8] DEBUG org.hibernate.SQL                    [90021740-88cd-44d2-8022-4e470b788bee | GET | /api/messages] - 
    select
        a1_0.message_id,
        a1_1.id,
        a1_1.content_type,
        a1_1.created_at,
        a1_1.file_name,
        a1_1.size 
    from
        message_attachments a1_0 
    join
        binary_contents a1_1 
            on a1_1.id=a1_0.attachment_id 
    where
        a1_0.message_id=?
26-04-07 11:41:10.545 [SpringApplicationShutdownHook] INFO  o.s.b.w.e.tomcat.GracefulShutdown    [ |  | ] - Commencing graceful shutdown. Waiting for active requests to complete
26-04-07 11:41:10.646 [tomcat-shutdown] INFO  o.s.b.w.e.tomcat.GracefulShutdown    [ |  | ] - Graceful shutdown complete
26-04-07 11:41:10.649 [SpringApplicationShutdownHook] INFO  o.s.o.j.LocalContainerEntityManagerFactoryBean [ |  | ] - Closing JPA EntityManagerFactory for persistence unit 'default'
26-04-07 11:41:10.652 [SpringApplicationShutdownHook] INFO  com.zaxxer.hikari.HikariDataSource   [ |  | ] - HikariPool-1 - Shutdown initiated...
26-04-07 11:41:10.652 [SpringApplicationShutdownHook] INFO  com.zaxxer.hikari.HikariDataSource   [ |  | ] - HikariPool-1 - Shutdown completed.
